============================= test session starts =============================
platform win32 -- Python 3.11.0, pytest-8.4.1, pluggy-1.6.0 -- C:\Users\aniln\CascadeProject\Back up\azentiq_memory_manager\venv\Scripts\python.exe
cachedir: .pytest_cache
rootdir: C:\Users\aniln\CascadeProject\Back up\azentiq_memory_manager
configfile: pytest.ini
plugins: anyio-4.9.0
collecting ... collected 13 items

tests/test_memory_manager.py::TestMemoryManager::test_add_memory PASSED  [  7%]
tests/test_memory_manager.py::TestMemoryManager::test_add_memory_with_component_context PASSED [ 15%]
tests/test_memory_manager.py::TestMemoryManager::test_delete_memory FAILED [ 23%]
tests/test_memory_manager.py::TestMemoryManager::test_generate_prompt FAILED [ 30%]
tests/test_memory_manager.py::TestMemoryManager::test_get_memory FAILED  [ 38%]
tests/test_memory_manager.py::TestMemoryManager::test_get_memory_string_tier FAILED [ 46%]
tests/test_memory_manager.py::TestMemoryManager::test_get_memory_unknown_tier FAILED [ 53%]
tests/test_memory_manager.py::TestMemoryManager::test_get_tier_str FAILED [ 61%]
tests/test_memory_manager.py::TestMemoryManager::test_init FAILED        [ 69%]
tests/test_memory_manager.py::TestMemoryManager::test_list_memories PASSED [ 76%]
tests/test_memory_manager.py::TestMemoryManager::test_search_by_metadata PASSED [ 84%]
tests/test_memory_manager.py::TestMemoryManager::test_set_context PASSED [ 92%]
tests/test_memory_manager.py::TestMemoryManager::test_update_memory PASSED [100%]

================================== FAILURES ===================================
____________________ TestMemoryManager.test_delete_memory _____________________

self = <tests.test_memory_manager.TestMemoryManager testMethod=test_delete_memory>

    def test_delete_memory(self):
        """Test deleting a memory with proper tier string conversion."""
        # Delete memory with enum tier
        self.manager.delete_memory(
            memory_id="test123",
            tier=MemoryTier.SHORT_TERM,
            session_id=self.test_session_id
        )
    
        # Verify store was called with string tier
>       self.redis_store_mock.delete.assert_called_with(
            memory_id="test123",
            tier_str="short_term",
            session_id=self.test_session_id
        )

tests\test_memory_manager.py:244: 
_ _ _ _ _ _ _ _ _ _ _ _ _ _ _ _ _ _ _ _ _ _ _ _ _ _ _ _ _ _ _ _ _ _ _ _ _ _ _ _

self = <MagicMock name='mock.delete' id='2238203446800'>, args = ()
kwargs = {'memory_id': 'test123', 'session_id': 'test_session', 'tier_str': 'short_term'}
expected = call(memory_id='test123', tier_str='short_term', session_id='test_session')
actual = call('test123', 'short_term', 'test_session')
_error_message = <function NonCallableMock.assert_called_with.<locals>._error_message at 0x000002091F4DEC00>
cause = None

    def assert_called_with(self, /, *args, **kwargs):
        """assert that the last call was made with the specified arguments.
    
        Raises an AssertionError if the args and keyword args passed in are
        different to the last call to the mock."""
        if self.call_args is None:
            expected = self._format_mock_call_signature(args, kwargs)
            actual = 'not called.'
            error_message = ('expected call not found.\nExpected: %s\nActual: %s'
                    % (expected, actual))
            raise AssertionError(error_message)
    
        def _error_message():
            msg = self._format_mock_failure_message(args, kwargs)
            return msg
        expected = self._call_matcher(_Call((args, kwargs), two=True))
        actual = self._call_matcher(self.call_args)
        if actual != expected:
            cause = expected if isinstance(expected, Exception) else None
>           raise AssertionError(_error_message()) from cause
E           AssertionError: expected call not found.
E           Expected: delete(memory_id='test123', tier_str='short_term', session_id='test_session')
E           Actual: delete('test123', 'short_term', 'test_session')

..\..\..\AppData\Local\Programs\Python\Python311\Lib\unittest\mock.py:923: AssertionError
___________________ TestMemoryManager.test_generate_prompt ____________________

self = <tests.test_memory_manager.TestMemoryManager testMethod=test_generate_prompt>

    def test_generate_prompt(self):
        """Test prompt generation with token budget manager integration."""
        # Set up mock to return prompt
        expected_prompt = "Generated prompt with memories"
>       self.token_budget_mock.construct_prompt_with_memories.return_value = expected_prompt
        ^^^^^^^^^^^^^^^^^^^^^^^^^^^^^^^^^^^^^^^^^^^^^^^^^^^^^

tests\test_memory_manager.py:306: 
_ _ _ _ _ _ _ _ _ _ _ _ _ _ _ _ _ _ _ _ _ _ _ _ _ _ _ _ _ _ _ _ _ _ _ _ _ _ _ _

self = <MagicMock spec='TokenBudgetManager' id='2238149749072'>
name = 'construct_prompt_with_memories'

    def __getattr__(self, name):
        if name in {'_mock_methods', '_mock_unsafe'}:
            raise AttributeError(name)
        elif self._mock_methods is not None:
            if name not in self._mock_methods or name in _all_magics:
>               raise AttributeError("Mock object has no attribute %r" % name)
E               AttributeError: Mock object has no attribute 'construct_prompt_with_memories'

..\..\..\AppData\Local\Programs\Python\Python311\Lib\unittest\mock.py:638: AttributeError
______________________ TestMemoryManager.test_get_memory ______________________

self = <tests.test_memory_manager.TestMemoryManager testMethod=test_get_memory>

    def test_get_memory(self):
        """Test retrieving a memory with proper tier string conversion."""
        # Set up mock to return a memory
        self.redis_store_mock.get.return_value = self.test_memory
    
        # Get memory with enum tier
        memory = self.manager.get_memory(
            memory_id="test123",
            tier=MemoryTier.WORKING,
            session_id=self.test_session_id
        )
    
        # Verify memory was returned
        self.assertEqual(memory, self.test_memory)
    
        # Verify store was called with string tier
>       self.redis_store_mock.get.assert_called_with(
            memory_id="test123",
            tier_str="working",
            session_id=self.test_session_id
        )

tests\test_memory_manager.py:170: 
_ _ _ _ _ _ _ _ _ _ _ _ _ _ _ _ _ _ _ _ _ _ _ _ _ _ _ _ _ _ _ _ _ _ _ _ _ _ _ _

self = <MagicMock name='mock.get' id='2238203314384'>, args = ()
kwargs = {'memory_id': 'test123', 'session_id': 'test_session', 'tier_str': 'working'}
expected = call(memory_id='test123', tier_str='working', session_id='test_session')
actual = call('test123', 'working', 'test_session')
_error_message = <function NonCallableMock.assert_called_with.<locals>._error_message at 0x000002091CCCCF40>
cause = None

    def assert_called_with(self, /, *args, **kwargs):
        """assert that the last call was made with the specified arguments.
    
        Raises an AssertionError if the args and keyword args passed in are
        different to the last call to the mock."""
        if self.call_args is None:
            expected = self._format_mock_call_signature(args, kwargs)
            actual = 'not called.'
            error_message = ('expected call not found.\nExpected: %s\nActual: %s'
                    % (expected, actual))
            raise AssertionError(error_message)
    
        def _error_message():
            msg = self._format_mock_failure_message(args, kwargs)
            return msg
        expected = self._call_matcher(_Call((args, kwargs), two=True))
        actual = self._call_matcher(self.call_args)
        if actual != expected:
            cause = expected if isinstance(expected, Exception) else None
>           raise AssertionError(_error_message()) from cause
E           AssertionError: expected call not found.
E           Expected: get(memory_id='test123', tier_str='working', session_id='test_session')
E           Actual: get('test123', 'working', 'test_session')

..\..\..\AppData\Local\Programs\Python\Python311\Lib\unittest\mock.py:923: AssertionError
________________ TestMemoryManager.test_get_memory_string_tier ________________

self = <tests.test_memory_manager.TestMemoryManager testMethod=test_get_memory_string_tier>

    def test_get_memory_string_tier(self):
        """Test retrieving a memory with string tier."""
        # Set up mock to return a memory
        self.redis_store_mock.get.return_value = self.test_memory
    
        # Get memory with string tier
        memory = self.manager.get_memory(
            memory_id="test123",
            tier="working",
            session_id=self.test_session_id
        )
    
        # Verify memory was returned
        self.assertEqual(memory, self.test_memory)
    
        # Verify store was called with same string tier
>       self.redis_store_mock.get.assert_called_with(
            memory_id="test123",
            tier_str="working",
            session_id=self.test_session_id
        )

tests\test_memory_manager.py:192: 
_ _ _ _ _ _ _ _ _ _ _ _ _ _ _ _ _ _ _ _ _ _ _ _ _ _ _ _ _ _ _ _ _ _ _ _ _ _ _ _

self = <MagicMock name='mock.get' id='2238204158160'>, args = ()
kwargs = {'memory_id': 'test123', 'session_id': 'test_session', 'tier_str': 'working'}
expected = call(memory_id='test123', tier_str='working', session_id='test_session')
actual = call('test123', 'working', 'test_session')
_error_message = <function NonCallableMock.assert_called_with.<locals>._error_message at 0x000002091F5559E0>
cause = None

    def assert_called_with(self, /, *args, **kwargs):
        """assert that the last call was made with the specified arguments.
    
        Raises an AssertionError if the args and keyword args passed in are
        different to the last call to the mock."""
        if self.call_args is None:
            expected = self._format_mock_call_signature(args, kwargs)
            actual = 'not called.'
            error_message = ('expected call not found.\nExpected: %s\nActual: %s'
                    % (expected, actual))
            raise AssertionError(error_message)
    
        def _error_message():
            msg = self._format_mock_failure_message(args, kwargs)
            return msg
        expected = self._call_matcher(_Call((args, kwargs), two=True))
        actual = self._call_matcher(self.call_args)
        if actual != expected:
            cause = expected if isinstance(expected, Exception) else None
>           raise AssertionError(_error_message()) from cause
E           AssertionError: expected call not found.
E           Expected: get(memory_id='test123', tier_str='working', session_id='test_session')
E           Actual: get('test123', 'working', 'test_session')

..\..\..\AppData\Local\Programs\Python\Python311\Lib\unittest\mock.py:923: AssertionError
_______________ TestMemoryManager.test_get_memory_unknown_tier ________________

self = <tests.test_memory_manager.TestMemoryManager testMethod=test_get_memory_unknown_tier>

    def test_get_memory_unknown_tier(self):
        """Test retrieving a memory with unknown tier."""
        # Get memory with unknown tier string
        self.manager.get_memory(
            memory_id="test123",
            tier="unknown_tier",
            session_id=self.test_session_id
        )
    
        # Verify store was called with the tier string as is
>       self.redis_store_mock.get.assert_called_with(
            memory_id="test123",
            tier_str="unknown_tier",
            session_id=self.test_session_id
        )

tests\test_memory_manager.py:208: 
_ _ _ _ _ _ _ _ _ _ _ _ _ _ _ _ _ _ _ _ _ _ _ _ _ _ _ _ _ _ _ _ _ _ _ _ _ _ _ _

self = <MagicMock name='mock.get' id='2238204102352'>, args = ()
kwargs = {'memory_id': 'test123', 'session_id': 'test_session', 'tier_str': 'unknown_tier'}
expected = call(memory_id='test123', tier_str='unknown_tier', session_id='test_session')
actual = call('test123', 'unknown_tier', 'test_session')
_error_message = <function NonCallableMock.assert_called_with.<locals>._error_message at 0x000002091F556200>
cause = None

    def assert_called_with(self, /, *args, **kwargs):
        """assert that the last call was made with the specified arguments.
    
        Raises an AssertionError if the args and keyword args passed in are
        different to the last call to the mock."""
        if self.call_args is None:
            expected = self._format_mock_call_signature(args, kwargs)
            actual = 'not called.'
            error_message = ('expected call not found.\nExpected: %s\nActual: %s'
                    % (expected, actual))
            raise AssertionError(error_message)
    
        def _error_message():
            msg = self._format_mock_failure_message(args, kwargs)
            return msg
        expected = self._call_matcher(_Call((args, kwargs), two=True))
        actual = self._call_matcher(self.call_args)
        if actual != expected:
            cause = expected if isinstance(expected, Exception) else None
>           raise AssertionError(_error_message()) from cause
E           AssertionError: expected call not found.
E           Expected: get(memory_id='test123', tier_str='unknown_tier', session_id='test_session')
E           Actual: get('test123', 'unknown_tier', 'test_session')

..\..\..\AppData\Local\Programs\Python\Python311\Lib\unittest\mock.py:923: AssertionError
_____________________ TestMemoryManager.test_get_tier_str _____________________

self = <tests.test_memory_manager.TestMemoryManager testMethod=test_get_tier_str>

    def test_get_tier_str(self):
        """Test tier string conversion with various input types."""
        # Test with enum
>       tier_str = self.manager._get_tier_str(MemoryTier.WORKING)
                   ^^^^^^^^^^^^^^^^^^^^^^^^^^
E       AttributeError: 'MemoryManager' object has no attribute '_get_tier_str'

tests\test_memory_manager.py:331: AttributeError
_________________________ TestMemoryManager.test_init _________________________

self = <tests.test_memory_manager.TestMemoryManager testMethod=test_init>

    def test_init(self):
        """Test initialization with different parameters."""
        # Test that RedisStore was initialized with the correct framework
>       self.redis_mock_class.assert_called_with(
            redis_url="redis://localhost:6379",
            framework="test_framework"
        )

tests\test_memory_manager.py:64: 
_ _ _ _ _ _ _ _ _ _ _ _ _ _ _ _ _ _ _ _ _ _ _ _ _ _ _ _ _ _ _ _ _ _ _ _ _ _ _ _

self = <MagicMock name='RedisStore' id='2238203428432'>, args = ()
kwargs = {'framework': 'test_framework', 'redis_url': 'redis://localhost:6379'}
expected = call(redis_url='redis://localhost:6379', framework='test_framework')
actual = call(redis_url='redis://localhost:6379/0', expire_seconds=None, framework='test_framework')
_error_message = <function NonCallableMock.assert_called_with.<locals>._error_message at 0x000002091F5563E0>
cause = None

    def assert_called_with(self, /, *args, **kwargs):
        """assert that the last call was made with the specified arguments.
    
        Raises an AssertionError if the args and keyword args passed in are
        different to the last call to the mock."""
        if self.call_args is None:
            expected = self._format_mock_call_signature(args, kwargs)
            actual = 'not called.'
            error_message = ('expected call not found.\nExpected: %s\nActual: %s'
                    % (expected, actual))
            raise AssertionError(error_message)
    
        def _error_message():
            msg = self._format_mock_failure_message(args, kwargs)
            return msg
        expected = self._call_matcher(_Call((args, kwargs), two=True))
        actual = self._call_matcher(self.call_args)
        if actual != expected:
            cause = expected if isinstance(expected, Exception) else None
>           raise AssertionError(_error_message()) from cause
E           AssertionError: expected call not found.
E           Expected: RedisStore(redis_url='redis://localhost:6379', framework='test_framework')
E           Actual: RedisStore(redis_url='redis://localhost:6379/0', expire_seconds=None, framework='test_framework')

..\..\..\AppData\Local\Programs\Python\Python311\Lib\unittest\mock.py:923: AssertionError
=========================== short test summary info ===========================
FAILED tests/test_memory_manager.py::TestMemoryManager::test_delete_memory - AssertionError: expected call not found.
Expected: delete(memory_id='test123', tier_str='short_term', session_id='test_session')
Actual: delete('test123', 'short_term', 'test_session')
FAILED tests/test_memory_manager.py::TestMemoryManager::test_generate_prompt - AttributeError: Mock object has no attribute 'construct_prompt_with_memories'
FAILED tests/test_memory_manager.py::TestMemoryManager::test_get_memory - AssertionError: expected call not found.
Expected: get(memory_id='test123', tier_str='working', session_id='test_session')
Actual: get('test123', 'working', 'test_session')
FAILED tests/test_memory_manager.py::TestMemoryManager::test_get_memory_string_tier - AssertionError: expected call not found.
Expected: get(memory_id='test123', tier_str='working', session_id='test_session')
Actual: get('test123', 'working', 'test_session')
FAILED tests/test_memory_manager.py::TestMemoryManager::test_get_memory_unknown_tier - AssertionError: expected call not found.
Expected: get(memory_id='test123', tier_str='unknown_tier', session_id='test_session')
Actual: get('test123', 'unknown_tier', 'test_session')
FAILED tests/test_memory_manager.py::TestMemoryManager::test_get_tier_str - AttributeError: 'MemoryManager' object has no attribute '_get_tier_str'
FAILED tests/test_memory_manager.py::TestMemoryManager::test_init - AssertionError: expected call not found.
Expected: RedisStore(redis_url='redis://localhost:6379', framework='test_framework')
Actual: RedisStore(redis_url='redis://localhost:6379/0', expire_seconds=None, framework='test_framework')
========================= 7 failed, 6 passed in 0.38s =========================
